// Jest Snapshot v1, https://goo.gl/fbAQLP

exports[`Example snapshot 1`] = `
<DocumentFragment>
  Example
</DocumentFragment>
`;
