// Jest Snapshot v1, https://goo.gl/fbAQLP

exports[`PlatformItemsList snapshot 1`] = `
<DocumentFragment>
  <div
    class="h-32 max-w-md overflow-hidden"
    dir="ltr"
    style="position: relative; --radix-scroll-area-corner-width: 0px; --radix-scroll-area-corner-height: 0px;"
  >
    <style>
      [data-radix-scroll-area-viewport]{scrollbar-width:none;-ms-overflow-style:none;-webkit-overflow-scrolling:touch;}[data-radix-scroll-area-viewport]::-webkit-scrollbar{display:none}
    </style>
    <div
      class="h-full w-full rounded"
      data-radix-scroll-area-viewport=""
      style="overflow-x: scroll; overflow-y: hidden;"
    >
      <div
        style="min-width: 100%; display: table;"
      >
        <div
          class="flex"
        >
          <li
            class="ml-6 list-none first:ml-8"
          >
            <button
              class="w-20"
            >
              <div
                class="flex h-20 w-20 items-center justify-center rounded-xl bg-stone-100"
              >
                <img
                  alt="nacal"
                  class="rounded"
                  data-nimg="1"
                  decoding="async"
                  height="48"
                  loading="lazy"
                  src="/_next/image?url=%2Fnacal.png&w=96&q=75"
                  srcset="/_next/image?url=%2Fnacal.png&w=48&q=75 1x, /_next/image?url=%2Fnacal.png&w=96&q=75 2x"
                  style="color: transparent;"
                  width="48"
                />
              </div>
              <p
                class="mt-1 text-center text-sm"
              >
                nacal
              </p>
            </button>
          </li>
          <li
            class="ml-6 list-none first:ml-8"
          >
            <button
              class="w-20"
            >
              <div
                class="flex h-20 w-20 items-center justify-center rounded-xl bg-stone-100"
              >
                <img
                  alt="nacal"
                  class="rounded"
                  data-nimg="1"
                  decoding="async"
                  height="48"
                  loading="lazy"
                  src="/_next/image?url=%2Fnacal.png&w=96&q=75"
                  srcset="/_next/image?url=%2Fnacal.png&w=48&q=75 1x, /_next/image?url=%2Fnacal.png&w=96&q=75 2x"
                  style="color: transparent;"
                  width="48"
                />
              </div>
              <p
                class="mt-1 text-center text-sm"
              >
                nacal
              </p>
            </button>
          </li>
          <li
            class="ml-6 list-none first:ml-8"
          >
            <button
              class="w-20"
            >
              <div
                class="flex h-20 w-20 items-center justify-center rounded-xl bg-stone-100"
              >
                <img
                  alt="nacal"
                  class="rounded"
                  data-nimg="1"
                  decoding="async"
                  height="48"
                  loading="lazy"
                  src="/_next/image?url=%2Fnacal.png&w=96&q=75"
                  srcset="/_next/image?url=%2Fnacal.png&w=48&q=75 1x, /_next/image?url=%2Fnacal.png&w=96&q=75 2x"
                  style="color: transparent;"
                  width="48"
                />
              </div>
              <p
                class="mt-1 text-center text-sm"
              >
                nacal
              </p>
            </button>
          </li>
          <li
            class="ml-6 list-none first:ml-8"
          >
            <button
              class="w-20"
            >
              <div
                class="flex h-20 w-20 items-center justify-center rounded-xl bg-stone-100"
              >
                <img
                  alt="nacal"
                  class="rounded"
                  data-nimg="1"
                  decoding="async"
                  height="48"
                  loading="lazy"
                  src="/_next/image?url=%2Fnacal.png&w=96&q=75"
                  srcset="/_next/image?url=%2Fnacal.png&w=48&q=75 1x, /_next/image?url=%2Fnacal.png&w=96&q=75 2x"
                  style="color: transparent;"
                  width="48"
                />
              </div>
              <p
                class="mt-1 text-center text-sm"
              >
                nacal
              </p>
            </button>
          </li>
          <li
            class="ml-6 list-none first:ml-8"
          >
            <button
              class="w-20"
            >
              <div
                class="flex h-20 w-20 items-center justify-center rounded-xl bg-stone-100"
              >
                <img
                  alt="nacal"
                  class="rounded"
                  data-nimg="1"
                  decoding="async"
                  height="48"
                  loading="lazy"
                  src="/_next/image?url=%2Fnacal.png&w=96&q=75"
                  srcset="/_next/image?url=%2Fnacal.png&w=48&q=75 1x, /_next/image?url=%2Fnacal.png&w=96&q=75 2x"
                  style="color: transparent;"
                  width="48"
                />
              </div>
              <p
                class="mt-1 text-center text-sm"
              >
                nacal
              </p>
            </button>
          </li>
          <li
            class="ml-6 list-none first:ml-8"
          >
            <button
              class="w-20"
            >
              <div
                class="flex h-20 w-20 items-center justify-center rounded-xl bg-stone-100"
              >
                <img
                  alt="nacal"
                  class="rounded"
                  data-nimg="1"
                  decoding="async"
                  height="48"
                  loading="lazy"
                  src="/_next/image?url=%2Fnacal.png&w=96&q=75"
                  srcset="/_next/image?url=%2Fnacal.png&w=48&q=75 1x, /_next/image?url=%2Fnacal.png&w=96&q=75 2x"
                  style="color: transparent;"
                  width="48"
                />
              </div>
              <p
                class="mt-1 text-center text-sm"
              >
                nacal
              </p>
            </button>
          </li>
          <li
            class="ml-6 list-none first:ml-8"
          >
            <button
              class="w-20"
            >
              <div
                class="flex h-20 w-20 items-center justify-center rounded-xl bg-stone-100"
              >
                <img
                  alt="nacal"
                  class="rounded"
                  data-nimg="1"
                  decoding="async"
                  height="48"
                  loading="lazy"
                  src="/_next/image?url=%2Fnacal.png&w=96&q=75"
                  srcset="/_next/image?url=%2Fnacal.png&w=48&q=75 1x, /_next/image?url=%2Fnacal.png&w=96&q=75 2x"
                  style="color: transparent;"
                  width="48"
                />
              </div>
              <p
                class="mt-1 text-center text-sm"
              >
                nacal
              </p>
            </button>
          </li>
          <li
            class="ml-6 list-none first:ml-8"
          >
            <button
              class="w-20"
            >
              <div
                class="flex h-20 w-20 items-center justify-center rounded-xl bg-stone-100"
              >
                <img
                  alt="nacal"
                  class="rounded"
                  data-nimg="1"
                  decoding="async"
                  height="48"
                  loading="lazy"
                  src="/_next/image?url=%2Fnacal.png&w=96&q=75"
                  srcset="/_next/image?url=%2Fnacal.png&w=48&q=75 1x, /_next/image?url=%2Fnacal.png&w=96&q=75 2x"
                  style="color: transparent;"
                  width="48"
                />
              </div>
              <p
                class="mt-1 text-center text-sm"
              >
                nacal
              </p>
            </button>
          </li>
        </div>
      </div>
    </div>
  </div>
</DocumentFragment>
`;
